// Jest Snapshot v1, https://goo.gl/fbAQLP

exports[`Snapshot Component test Testing Footer 1`] = `
<footer>
  <div>
    <p>
      Â© NareshIT
    </p>
  </div>
</footer>
`;
